// Jest Snapshot v1, https://goo.gl/fbAQLP

exports[`Convert inline code tags and block pre tags 1`] = `
"<html xmlns=\\"http://www.w3.org/1999/xhtml\\" xmlns:m=\\"http://www.w3.org/1998/Math/MathML\\">
  <body itemscope=\\"itemscope\\" itemtype=\\"http://schema.org/Book\\">

<pre class=\\"line-numbering\\" data-lang=\\"python\\"><table class=\\"hljs-ln\\"><tr><td class=\\"hljs-ln-line hljs-ln-numbers\\" data-line-number=\\"1\\"><div class=\\"hljs-ln-n\\" data-line-number=\\"1\\">1</div></td><td class=\\"hljs-ln-line hljs-ln-code\\" data-line-number=\\"1\\">my_integer = <span class=\\"hljs-number\\">5</span></td></tr><tr><td class=\\"hljs-ln-line hljs-ln-numbers\\" data-line-number=\\"2\\"><div class=\\"hljs-ln-n\\" data-line-number=\\"2\\">2</div></td><td class=\\"hljs-ln-line hljs-ln-code\\" data-line-number=\\"2\\">  my_floating_point = <span class=\\"hljs-number\\">26.2</span></td></tr><tr><td class=\\"hljs-ln-line hljs-ln-numbers\\" data-line-number=\\"3\\"><div class=\\"hljs-ln-n\\" data-line-number=\\"3\\">3</div></td><td class=\\"hljs-ln-line hljs-ln-code\\" data-line-number=\\"3\\">  my_Boolean = <span class=\\"hljs-literal\\">True</span></td></tr><tr><td class=\\"hljs-ln-line hljs-ln-numbers\\" data-line-number=\\"4\\"><div class=\\"hljs-ln-n\\" data-line-number=\\"4\\">4</div></td><td class=\\"hljs-ln-line hljs-ln-code\\" data-line-number=\\"4\\">  my_string = <span class=\\"hljs-string\\">'characters'</span></td></tr></table></pre>

<pre lang=\\"python\\">
  print(<span class=\\"hljs-string\\">'Hi'</span>)
  a = b + c
</pre>

<p>
  <code class=\\"line-numbering\\" data-lang=\\"python\\"><table class=\\"hljs-ln\\"><tr><td class=\\"hljs-ln-line hljs-ln-numbers\\" data-line-number=\\"1\\"><div class=\\"hljs-ln-n\\" data-line-number=\\"1\\">1</div></td><td class=\\"hljs-ln-line hljs-ln-code\\" data-line-number=\\"1\\">hello = <span class=\\"hljs-number\\">5</span></td></tr></table></code>
</p>

<p>
  <code data-lang=\\"python\\">hello = <span class=\\"hljs-number\\">5</span></code>
</p>

<p>
  <code lang=\\"python\\">print(<span class=\\"hljs-number\\">5</span>)</code>
</p>

</body>
</html>
"
`;

exports[`Success if converter finished without errors FORMAT HTML. 1`] = `"4ec8f2f5d38cb84f0a1a90013657292f6a53ffcfd6e0c0ce07ed13faf3e4d289"`;

exports[`Success if converter finished without errors FORMAT SVG. 1`] = `"9102725791b223ab8e8945097fe8050603d964edb0ed1bf17868cae9e9a85d41"`;

exports[`Success if convertered LaTeX functions with success. 1`] = `"1597bf77d3971a31fcd50daef5654847946ac512a4b63b397fe25c4951bfba75"`;

exports[`Success if convertered LaTeX to mathml with success. 1`] = `"f5744bc949145782349ecd1e9a0ea1376b23ddf74c585b3592004854c2b87dea"`;
